Response(productId=1, statusCode=0 message='Product Successfully Added') Product(name='Sample product', type='Lipstick', weight=5, family=ProductFamily.LIPS, range=None')